#-----------------------------------------------------------
# Vivado v2020.2 (64-bit)
# SW Build 3064766 on Wed Nov 18 09:12:45 MST 2020
# IP Build 3064653 on Wed Nov 18 14:17:31 MST 2020
# Start of session at: Sat Jun  5 22:43:16 2021
# Process ID: 2872
# Current directory: C:/Users/Menino/Desktop/MEU/4ano/2semestre/CR/Aula77777/CustomDisplay
# Command line: vivado.exe -gui_launcher_event rodinguilauncherevent10388 C:\Users\Menino\Desktop\MEU\4ano\2semestre\CR\Aula77777\CustomDisplay\CustomDisplay.xpr
# Log file: C:/Users/Menino/Desktop/MEU/4ano/2semestre/CR/Aula77777/CustomDisplay/vivado.log
# Journal file: C:/Users/Menino/Desktop/MEU/4ano/2semestre/CR/Aula77777/CustomDisplay\vivado.jou
#-----------------------------------------------------------
start_gui
open_project C:/Users/Menino/Desktop/MEU/4ano/2semestre/CR/Aula77777/CustomDisplay/CustomDisplay.xpr
open_bd_design {C:/Users/Menino/Desktop/MEU/4ano/2semestre/CR/Aula77777/CustomDisplay/CustomDisplay.srcs/sources_1/bd/mb_design/mb_design.bd}
update_compile_order -fileset sources_1
ipx::edit_ip_in_project -upgrade true -name CustomDisplay_v1_0_project -directory C:/Users/Menino/Desktop/MEU/4ano/2semestre/CR/Aula77777/CustomDisplay/CustomDisplay.tmp/CustomDisplay_v1_0_project c:/Users/Menino/Desktop/MEU/4ano/2semestre/CR/Aula77777/ip_repo/CustomDisplay_1.0/component.xml
update_compile_order -fileset sources_1
ipx::unload_core c:/Users/Menino/Desktop/MEU/4ano/2semestre/CR/Aula77777/ip_repo/CustomDisplay_1.0/component.xml
update_compile_order -fileset sources_1
file mkdir c:/users/menino/desktop/meu/4ano/2semestre/cr/aula77777/customdisplay/customdisplay.tmp/customdisplay_v1_0_project/CustomDisplay_v1_0_project.srcs/sources_1/new
close [ open c:/users/menino/desktop/meu/4ano/2semestre/cr/aula77777/customdisplay/customdisplay.tmp/customdisplay_v1_0_project/CustomDisplay_v1_0_project.srcs/sources_1/new/pulse_generator_1Hz.vhd w ]
add_files c:/users/menino/desktop/meu/4ano/2semestre/cr/aula77777/customdisplay/customdisplay.tmp/customdisplay_v1_0_project/CustomDisplay_v1_0_project.srcs/sources_1/new/pulse_generator_1Hz.vhd
update_compile_order -fileset sources_1
update_compile_order -fileset sources_1
close [ open c:/users/menino/desktop/meu/4ano/2semestre/cr/aula77777/customdisplay/customdisplay.tmp/customdisplay_v1_0_project/CustomDisplay_v1_0_project.srcs/sources_1/new/mux8to1.vhd w ]
add_files c:/users/menino/desktop/meu/4ano/2semestre/cr/aula77777/customdisplay/customdisplay.tmp/customdisplay_v1_0_project/CustomDisplay_v1_0_project.srcs/sources_1/new/mux8to1.vhd
close [ open c:/users/menino/desktop/meu/4ano/2semestre/cr/aula77777/customdisplay/customdisplay.tmp/customdisplay_v1_0_project/CustomDisplay_v1_0_project.srcs/sources_1/new/Counter3b.vhd w ]
add_files c:/users/menino/desktop/meu/4ano/2semestre/cr/aula77777/customdisplay/customdisplay.tmp/customdisplay_v1_0_project/CustomDisplay_v1_0_project.srcs/sources_1/new/Counter3b.vhd
close [ open c:/users/menino/desktop/meu/4ano/2semestre/cr/aula77777/customdisplay/customdisplay.tmp/customdisplay_v1_0_project/CustomDisplay_v1_0_project.srcs/sources_1/new/Hex2Seg.vhd w ]
add_files c:/users/menino/desktop/meu/4ano/2semestre/cr/aula77777/customdisplay/customdisplay.tmp/customdisplay_v1_0_project/CustomDisplay_v1_0_project.srcs/sources_1/new/Hex2Seg.vhd
close [ open c:/users/menino/desktop/meu/4ano/2semestre/cr/aula77777/customdisplay/customdisplay.tmp/customdisplay_v1_0_project/CustomDisplay_v1_0_project.srcs/sources_1/new/MuxBus8to1x4.vhd w ]
add_files c:/users/menino/desktop/meu/4ano/2semestre/cr/aula77777/customdisplay/customdisplay.tmp/customdisplay_v1_0_project/CustomDisplay_v1_0_project.srcs/sources_1/new/MuxBus8to1x4.vhd
update_compile_order -fileset sources_1
update_compile_order -fileset sources_1
update_compile_order -fileset sources_1
update_compile_order -fileset sources_1
close [ open c:/users/menino/desktop/meu/4ano/2semestre/cr/aula77777/customdisplay/customdisplay.tmp/customdisplay_v1_0_project/CustomDisplay_v1_0_project.srcs/sources_1/new/decoder3to8.vhd w ]
add_files c:/users/menino/desktop/meu/4ano/2semestre/cr/aula77777/customdisplay/customdisplay.tmp/customdisplay_v1_0_project/CustomDisplay_v1_0_project.srcs/sources_1/new/decoder3to8.vhd
update_compile_order -fileset sources_1
ipx::open_ipxact_file c:/Users/Menino/Desktop/MEU/4ano/2semestre/CR/Aula77777/ip_repo/CustomDisplay_1.0/component.xml
current_project CustomDisplay
current_project CustomDisplay_v1_0_project
launch_runs synth_1 -jobs 4
wait_on_run synth_1
reset_run synth_1
launch_runs synth_1 -jobs 4
wait_on_run synth_1
reset_run synth_1
launch_runs synth_1 -jobs 4
wait_on_run synth_1
reset_run synth_1
launch_runs synth_1 -jobs 4
wait_on_run synth_1
reset_run synth_1
launch_runs synth_1 -jobs 4
wait_on_run synth_1
reset_run synth_1
launch_runs synth_1 -jobs 4
wait_on_run synth_1
reset_run synth_1
launch_runs synth_1 -jobs 4
wait_on_run synth_1
reset_run synth_1
launch_runs synth_1 -jobs 4
wait_on_run synth_1
reset_run synth_1
launch_runs synth_1 -jobs 4
wait_on_run synth_1
current_project CustomDisplay
close_project
