#-----------------------------------------------------------
# Vivado v2020.2 (64-bit)
# SW Build 3064766 on Wed Nov 18 09:12:45 MST 2020
# IP Build 3064653 on Wed Nov 18 14:17:31 MST 2020
# Start of session at: Sat Jun  5 23:33:20 2021
# Process ID: 18100
# Current directory: c:/Users/Menino/Desktop/MEU/4ano/2semestre/CR/Aula77777/CustomDisplay/CustomDisplay.tmp/customdisplay_v1_0_project/CustomDisplay_v1_0_project.runs/synth_1
# Command line: vivado.exe -log CustomDisplay_v1_0.vds -product Vivado -mode batch -messageDb vivado.pb -notrace -source CustomDisplay_v1_0.tcl
# Log file: c:/Users/Menino/Desktop/MEU/4ano/2semestre/CR/Aula77777/CustomDisplay/CustomDisplay.tmp/customdisplay_v1_0_project/CustomDisplay_v1_0_project.runs/synth_1/CustomDisplay_v1_0.vds
# Journal file: c:/Users/Menino/Desktop/MEU/4ano/2semestre/CR/Aula77777/CustomDisplay/CustomDisplay.tmp/customdisplay_v1_0_project/CustomDisplay_v1_0_project.runs/synth_1\vivado.jou
#-----------------------------------------------------------
source CustomDisplay_v1_0.tcl -notrace
