Copyright 1986-2020 Xilinx, Inc. All Rights Reserved.
------------------------------------------------------------------------------------
| Tool Version : Vivado v.2020.2 (win64) Build 3064766 Wed Nov 18 09:12:45 MST 2020
| Date         : Wed Mar 31 16:33:06 2021
| Host         : DESKTOP-AV7OBB1 running 64-bit major release  (build 9200)
| Command      : report_control_sets -verbose -file wrapper_control_sets_placed.rpt
| Design       : wrapper
| Device       : xc7a100t
------------------------------------------------------------------------------------

Control Set Information

Table of Contents
-----------------
1. Summary
2. Histogram
3. Flip-Flop Distribution
4. Detailed Control Set Information

1. Summary
----------

+----------------------------------------------------------+-------+
|                          Status                          | Count |
+----------------------------------------------------------+-------+
| Total control sets                                       |     9 |
|    Minimum number of control sets                        |     9 |
|    Addition due to synthesis replication                 |     0 |
|    Addition due to physical synthesis replication        |     0 |
| Unused register locations in slices containing registers |    13 |
+----------------------------------------------------------+-------+
* Control sets can be merged at opt_design using control_set_merge or merge_equivalent_drivers
** Run report_qor_suggestions for automated merging and remapping suggestions


2. Histogram
------------

+--------------------+-------+
|       Fanout       | Count |
+--------------------+-------+
| Total control sets |     9 |
| >= 0 to < 4        |     0 |
| >= 4 to < 6        |     1 |
| >= 6 to < 8        |     0 |
| >= 8 to < 10       |     3 |
| >= 10 to < 12      |     0 |
| >= 12 to < 14      |     0 |
| >= 14 to < 16      |     0 |
| >= 16              |     5 |
+--------------------+-------+
* Control sets can be remapped at either synth_design or opt_design


3. Flip-Flop Distribution
-------------------------

+--------------+-----------------------+------------------------+-----------------+--------------+
| Clock Enable | Synchronous Set/Reset | Asynchronous Set/Reset | Total Registers | Total Slices |
+--------------+-----------------------+------------------------+-----------------+--------------+
| No           | No                    | No                     |              18 |            9 |
| No           | No                    | Yes                    |               0 |            0 |
| No           | Yes                   | No                     |              29 |            8 |
| Yes          | No                    | No                     |               4 |            2 |
| Yes          | No                    | Yes                    |               0 |            0 |
| Yes          | Yes                   | No                     |              72 |           26 |
+--------------+-----------------------+------------------------+-----------------+--------------+


4. Detailed Control Set Information
-----------------------------------

+----------------+--------------------------------------------+--------------------------------------------+------------------+----------------+--------------+
|  Clock Signal  |                Enable Signal               |              Set/Reset Signal              | Slice Load Count | Bel Load Count | Bels / Slice |
+----------------+--------------------------------------------+--------------------------------------------+------------------+----------------+--------------+
|  clk_IBUF_BUFG | DebounceUnitU/E[0]                         |                                            |                2 |              4 |         2.00 |
|  clk_IBUF_BUFG | DebounceUnitD/s_debounceCnt[23]_i_2__0_n_0 | DebounceUnitD/s_debounceCnt[23]_i_1__0_n_0 |                3 |              8 |         2.67 |
|  clk_IBUF_BUFG | DebounceUnitR/s_debounceCnt[23]_i_2__1_n_0 | DebounceUnitR/s_debounceCnt[23]_i_1__1_n_0 |                2 |              8 |         4.00 |
|  clk_IBUF_BUFG | DebounceUnitU/s_debounceCnt[23]_i_2_n_0    | DebounceUnitU/p_1_in0                      |                2 |              8 |         4.00 |
|  clk_IBUF_BUFG | DebounceUnitD/s_debounceCnt[22]_i_2__0_n_0 | DebounceUnitD/s_debounceCnt[22]_i_1__0_n_0 |                6 |             16 |         2.67 |
|  clk_IBUF_BUFG | DebounceUnitR/s_debounceCnt[22]_i_2__1_n_0 | DebounceUnitR/s_debounceCnt[22]_i_1__1_n_0 |                7 |             16 |         2.29 |
|  clk_IBUF_BUFG | DebounceUnitU/p_2_in                       | DebounceUnitU/s_debounceCnt[22]_i_1_n_0    |                6 |             16 |         2.67 |
|  clk_IBUF_BUFG |                                            |                                            |                9 |             18 |         2.00 |
|  clk_IBUF_BUFG |                                            | s_reset                                    |                8 |             29 |         3.62 |
+----------------+--------------------------------------------+--------------------------------------------+------------------+----------------+--------------+


